src/components/AddGameModal/AddGameModal.tsx(5,5): error TS6133: 'Upload' is declared but its value is never read.
src/components/AuthScreen/AuthScreen.tsx(413,47): error TS2367: This comparison appears to be unintentional because the types '"register" | "login"' and '"forgot"' have no overlap.
src/components/Sidebar/Sidebar.tsx(46,29): error TS6133: 'isInitialized' is declared but its value is never read.
src/components/TitleBar/TitleBar.tsx(13,19): error TS6133: 'ipcRenderer' is declared but its value is never read.
src/components/TitleBar/TitleBar.tsx(13,37): error TS2722: Cannot invoke an object which is possibly 'undefined'.
src/components/TitleBar/TitleBar.tsx(13,37): error TS18048: 'window.require' is possibly 'undefined'.
src/components/TitleBar/TitleBar.tsx(31,37): error TS2722: Cannot invoke an object which is possibly 'undefined'.
src/components/TitleBar/TitleBar.tsx(31,37): error TS18048: 'window.require' is possibly 'undefined'.
src/components/TitleBar/TitleBar.tsx(32,25): error TS2339: Property 'send' does not exist on type '{ invoke: (channel: string, data?: unknown) => Promise<unknown>; }'.
src/components/TitleBar/TitleBar.tsx(38,37): error TS2722: Cannot invoke an object which is possibly 'undefined'.
src/components/TitleBar/TitleBar.tsx(38,37): error TS18048: 'window.require' is possibly 'undefined'.
src/components/TitleBar/TitleBar.tsx(39,25): error TS2339: Property 'send' does not exist on type '{ invoke: (channel: string, data?: unknown) => Promise<unknown>; }'.
src/components/TitleBar/TitleBar.tsx(46,37): error TS2722: Cannot invoke an object which is possibly 'undefined'.
src/components/TitleBar/TitleBar.tsx(46,37): error TS18048: 'window.require' is possibly 'undefined'.
src/components/TitleBar/TitleBar.tsx(47,25): error TS2339: Property 'send' does not exist on type '{ invoke: (channel: string, data?: unknown) => Promise<unknown>; }'.
src/pages/Catalog/Catalog.tsx(1,31): error TS6133: 'useMemo' is declared but its value is never read.
src/pages/Catalog/Catalog.tsx(5,5): error TS6133: 'Filter' is declared but its value is never read.
src/pages/Catalog/Catalog.tsx(12,5): error TS6133: 'ExternalLink' is declared but its value is never read.
src/pages/Dashboard/Dashboard.tsx(18,31): error TS6133: 'isLoading' is declared but its value is never read.
src/pages/Dashboard/Dashboard.tsx(117,39): error TS6133: 'index' is declared but its value is never read.
src/services/authService.ts(41,13): error TS6133: 'currentUser' is declared but its value is never read.
src/services/rawgApi.ts(276,19): error TS6133: 'queryNorm' is declared but its value is never read.
src/services/rawgApi.ts(280,45): error TS6133: 'nameNorm' is declared but its value is never read.
src/stores/index.ts(5,5): error TS6196: 'GameStatus' is declared but never used.
src/stores/index.ts(6,5): error TS6196: 'GamePlatform' is declared but never used.
src/stores/index.ts(13,5): error TS6196: 'Achievement' is declared but never used.
src/stores/index.ts(68,41): error TS2722: Cannot invoke an object which is possibly 'undefined'.
src/stores/index.ts(68,41): error TS18048: 'window.require' is possibly 'undefined'.
src/stores/index.ts(70,23): error TS2740: Type '{}' is missing the following properties from type 'Game[]': length, pop, push, concat, and 29 more.
src/stores/index.ts(93,41): error TS2722: Cannot invoke an object which is possibly 'undefined'.
src/stores/index.ts(93,41): error TS18048: 'window.require' is possibly 'undefined'.
src/stores/index.ts(111,41): error TS2722: Cannot invoke an object which is possibly 'undefined'.
src/stores/index.ts(111,41): error TS18048: 'window.require' is possibly 'undefined'.
src/stores/index.ts(127,41): error TS2722: Cannot invoke an object which is possibly 'undefined'.
src/stores/index.ts(127,41): error TS18048: 'window.require' is possibly 'undefined'.
src/stores/index.ts(161,5): error TS2322: Type '(id: string) => Promise<unknown>' is not assignable to type '(id: string) => Promise<{ success: boolean; error?: string | undefined; }>'.
  Type 'Promise<unknown>' is not assignable to type 'Promise<{ success: boolean; error?: string | undefined; }>'.
    Type 'unknown' is not assignable to type '{ success: boolean; error?: string | undefined; }'.
src/stores/index.ts(169,41): error TS2722: Cannot invoke an object which is possibly 'undefined'.
src/stores/index.ts(169,41): error TS18048: 'window.require' is possibly 'undefined'.
src/stores/index.ts(171,21): error TS18046: 'result' is of type 'unknown'.
src/stores/index.ts(204,41): error TS2722: Cannot invoke an object which is possibly 'undefined'.
src/stores/index.ts(204,41): error TS18048: 'window.require' is possibly 'undefined'.
src/stores/index.ts(206,23): error TS2322: Type 'unknown' is not assignable to type 'UserProfile | null | undefined'.
src/stores/index.ts(242,41): error TS2722: Cannot invoke an object which is possibly 'undefined'.
src/stores/index.ts(242,41): error TS18048: 'window.require' is possibly 'undefined'.
src/stores/index.ts(294,41): error TS2722: Cannot invoke an object which is possibly 'undefined'.
src/stores/index.ts(294,41): error TS18048: 'window.require' is possibly 'undefined'.
src/stores/index.ts(296,55): error TS2698: Spread types may only be created from object types.
src/stores/index.ts(312,41): error TS2722: Cannot invoke an object which is possibly 'undefined'.
src/stores/index.ts(312,41): error TS18048: 'window.require' is possibly 'undefined'.
src/stores/index.ts(326,41): error TS2722: Cannot invoke an object which is possibly 'undefined'.
src/stores/index.ts(326,41): error TS18048: 'window.require' is possibly 'undefined'.
src/stores/notificationStore.ts(3,29): error TS6196: 'NotificationType' is declared but never used.
